{
  "variable_registries": {
    "SCALAR": [
      "__calculate_tax_1__tax_rate",
      "__get_rd_1__a",
      "__get_rd_1__current_expense",
      "a",
      "b",
      "c",
      "d",
      "final_project_value",
      "income_after_tax",
      "project_cash_flow",
      "project_succeeds",
      "stochastic_income",
      "tax_due"
    ],
    "VECTOR": [],
    "BOOLEAN": ["__calculate_tax_1__is_high_income"],
    "STRING": []
  },
  "variable_map": {
    "__calculate_tax_1__tax_rate": {
      "type": "SCALAR",
      "index": 0
    },
    "__get_rd_1__a": {
      "type": "SCALAR",
      "index": 1
    },
    "__get_rd_1__current_expense": {
      "type": "SCALAR",
      "index": 2
    },
    "a": {
      "type": "SCALAR",
      "index": 3
    },
    "b": {
      "type": "SCALAR",
      "index": 4
    },
    "c": {
      "type": "SCALAR",
      "index": 5
    },
    "d": {
      "type": "SCALAR",
      "index": 6
    },
    "final_project_value": {
      "type": "SCALAR",
      "index": 7
    },
    "income_after_tax": {
      "type": "SCALAR",
      "index": 8
    },
    "project_cash_flow": {
      "type": "SCALAR",
      "index": 9
    },
    "project_succeeds": {
      "type": "SCALAR",
      "index": 10
    },
    "stochastic_income": {
      "type": "SCALAR",
      "index": 11
    },
    "tax_due": {
      "type": "SCALAR",
      "index": 12
    },
    "__calculate_tax_1__is_high_income": {
      "type": "BOOLEAN",
      "index": 0
    }
  },
  "constant_pools": {
    "SCALAR": [
      110.0, 3.0, 0.75, 1.0, 500000.0, 20000.0, 5000.0, 2000.0, 100000.0, 0.4,
      0.25, 1000.0, 100.0, 52927.0, 1.08
    ],
    "VECTOR": [
      [100, 90, 80],
      [49326, 45427, 39500]
    ],
    "BOOLEAN": [],
    "STRING": []
  },
  "constant_map": {
    "s_110.0": {
      "type": "SCALAR",
      "index": 0
    },
    "v_s_100.0_s_90.0_s_80.0": {
      "type": "VECTOR",
      "index": 0
    },
    "s_3.0": {
      "type": "SCALAR",
      "index": 1
    },
    "s_0.75": {
      "type": "SCALAR",
      "index": 2
    },
    "s_1.0": {
      "type": "SCALAR",
      "index": 3
    },
    "s_500000.0": {
      "type": "SCALAR",
      "index": 4
    },
    "s_20000.0": {
      "type": "SCALAR",
      "index": 5
    },
    "s_5000.0": {
      "type": "SCALAR",
      "index": 6
    },
    "s_2000.0": {
      "type": "SCALAR",
      "index": 7
    },
    "s_100000.0": {
      "type": "SCALAR",
      "index": 8
    },
    "s_0.4": {
      "type": "SCALAR",
      "index": 9
    },
    "s_0.25": {
      "type": "SCALAR",
      "index": 10
    },
    "s_1000.0": {
      "type": "SCALAR",
      "index": 11
    },
    "s_100.0": {
      "type": "SCALAR",
      "index": 12
    },
    "s_52927.0": {
      "type": "SCALAR",
      "index": 13
    },
    "v_s_49326.0_s_45427.0_s_39500.0": {
      "type": "VECTOR",
      "index": 1
    },
    "s_1.08": {
      "type": "SCALAR",
      "index": 14
    }
  }
}
