{
  "variable_registries": {
    "SCALAR": [
      "__calculate_tax_1__tax_rate",
      "__get_rd_1__a",
      "__get_rd_1__current_expense",
      "__temp_lifted_10",
      "__temp_lifted_11",
      "__temp_lifted_12",
      "__temp_lifted_13",
      "__temp_lifted_5",
      "__temp_lifted_6",
      "__temp_lifted_7",
      "__temp_lifted_8",
      "__temp_lifted_9",
      "a",
      "b",
      "c",
      "d",
      "final_project_value",
      "income_after_tax",
      "op1",
      "op2",
      "project_cash_flow",
      "project_succeeds",
      "stochastic_income",
      "tax_due"
    ],
    "VECTOR": [
      "__temp_lifted_1",
      "__temp_lifted_2",
      "__temp_lifted_3",
      "sir1",
      "sir2",
      "sir3"
    ],
    "BOOLEAN": [
      "__calculate_tax_1__is_high_income",
      "__calculate_tax_1__is_medium_income",
      "__temp_lifted_4"
    ],
    "STRING": []
  },
  "variable_map": {
    "__calculate_tax_1__tax_rate": {
      "type": "SCALAR",
      "index": 0
    },
    "__get_rd_1__a": {
      "type": "SCALAR",
      "index": 1
    },
    "__get_rd_1__current_expense": {
      "type": "SCALAR",
      "index": 2
    },
    "__temp_lifted_10": {
      "type": "SCALAR",
      "index": 3
    },
    "__temp_lifted_11": {
      "type": "SCALAR",
      "index": 4
    },
    "__temp_lifted_12": {
      "type": "SCALAR",
      "index": 5
    },
    "__temp_lifted_13": {
      "type": "SCALAR",
      "index": 6
    },
    "__temp_lifted_5": {
      "type": "SCALAR",
      "index": 7
    },
    "__temp_lifted_6": {
      "type": "SCALAR",
      "index": 8
    },
    "__temp_lifted_7": {
      "type": "SCALAR",
      "index": 9
    },
    "__temp_lifted_8": {
      "type": "SCALAR",
      "index": 10
    },
    "__temp_lifted_9": {
      "type": "SCALAR",
      "index": 11
    },
    "a": {
      "type": "SCALAR",
      "index": 12
    },
    "b": {
      "type": "SCALAR",
      "index": 13
    },
    "c": {
      "type": "SCALAR",
      "index": 14
    },
    "d": {
      "type": "SCALAR",
      "index": 15
    },
    "final_project_value": {
      "type": "SCALAR",
      "index": 16
    },
    "income_after_tax": {
      "type": "SCALAR",
      "index": 17
    },
    "op1": {
      "type": "SCALAR",
      "index": 18
    },
    "op2": {
      "type": "SCALAR",
      "index": 19
    },
    "project_cash_flow": {
      "type": "SCALAR",
      "index": 20
    },
    "project_succeeds": {
      "type": "SCALAR",
      "index": 21
    },
    "stochastic_income": {
      "type": "SCALAR",
      "index": 22
    },
    "tax_due": {
      "type": "SCALAR",
      "index": 23
    },
    "__temp_lifted_1": {
      "type": "VECTOR",
      "index": 0
    },
    "__temp_lifted_2": {
      "type": "VECTOR",
      "index": 1
    },
    "__temp_lifted_3": {
      "type": "VECTOR",
      "index": 2
    },
    "sir1": {
      "type": "VECTOR",
      "index": 3
    },
    "sir2": {
      "type": "VECTOR",
      "index": 4
    },
    "sir3": {
      "type": "VECTOR",
      "index": 5
    },
    "__calculate_tax_1__is_high_income": {
      "type": "BOOLEAN",
      "index": 0
    },
    "__calculate_tax_1__is_medium_income": {
      "type": "BOOLEAN",
      "index": 1
    },
    "__temp_lifted_4": {
      "type": "BOOLEAN",
      "index": 2
    }
  },
  "constant_pools": {
    "SCALAR": [
      110.0, 3.0, 100.0, 105.0, 0.05, 1.0, 0.2, 999990.0, 10.0, 0.0, 0.35,
      0.07142857142857142, 120.0, 0.75, 500000.0, 20000.0, 5000.0, 2000.0,
      100000.0, 70000.0, 0.3, 0.4, 1000.0, 52927.0, 1.08, 0.95
    ],
    "VECTOR": [
      [100, 90, 80],
      [49326, 45427, 39500]
    ],
    "BOOLEAN": [],
    "STRING": ["call", "put"]
  },
  "constant_map": {
    "s_110.0": {
      "type": "SCALAR",
      "index": 0
    },
    "v_s_100.0_s_90.0_s_80.0": {
      "type": "VECTOR",
      "index": 0
    },
    "s_3.0": {
      "type": "SCALAR",
      "index": 1
    },
    "s_100.0": {
      "type": "SCALAR",
      "index": 2
    },
    "s_105.0": {
      "type": "SCALAR",
      "index": 3
    },
    "s_0.05": {
      "type": "SCALAR",
      "index": 4
    },
    "s_1.0": {
      "type": "SCALAR",
      "index": 5
    },
    "s_0.2": {
      "type": "SCALAR",
      "index": 6
    },
    "str_call": {
      "type": "STRING",
      "index": 0
    },
    "str_put": {
      "type": "STRING",
      "index": 1
    },
    "s_999990.0": {
      "type": "SCALAR",
      "index": 7
    },
    "s_10.0": {
      "type": "SCALAR",
      "index": 8
    },
    "s_0.0": {
      "type": "SCALAR",
      "index": 9
    },
    "s_0.35": {
      "type": "SCALAR",
      "index": 10
    },
    "s_0.07142857142857142": {
      "type": "SCALAR",
      "index": 11
    },
    "s_120.0": {
      "type": "SCALAR",
      "index": 12
    },
    "s_0.75": {
      "type": "SCALAR",
      "index": 13
    },
    "s_500000.0": {
      "type": "SCALAR",
      "index": 14
    },
    "s_20000.0": {
      "type": "SCALAR",
      "index": 15
    },
    "s_5000.0": {
      "type": "SCALAR",
      "index": 16
    },
    "s_2000.0": {
      "type": "SCALAR",
      "index": 17
    },
    "s_100000.0": {
      "type": "SCALAR",
      "index": 18
    },
    "s_70000.0": {
      "type": "SCALAR",
      "index": 19
    },
    "s_0.3": {
      "type": "SCALAR",
      "index": 20
    },
    "s_0.4": {
      "type": "SCALAR",
      "index": 21
    },
    "s_1000.0": {
      "type": "SCALAR",
      "index": 22
    },
    "s_52927.0": {
      "type": "SCALAR",
      "index": 23
    },
    "v_s_49326.0_s_45427.0_s_39500.0": {
      "type": "VECTOR",
      "index": 1
    },
    "s_1.08": {
      "type": "SCALAR",
      "index": 24
    },
    "s_0.95": {
      "type": "SCALAR",
      "index": 25
    }
  }
}
